// Jest Snapshot v1, https://goo.gl/fbAQLP

exports[`ChatHistoryScreen when hideZendeskLogo is true has no logo and correct margin 1`] = `
Snapshot Diff:
- First value
+ Second value

@@ -37,5 +37,5 @@
        </div>
        <div
-         class="content footerMarginWithLogo headerMargin scrollContainerMessagesContentDesktop"
+         class="content footerMargin headerMargin scrollContainerMessagesContentDesktop"
          data-testid="scroll-container-content"
        >
@@ -62,31 +62,4 @@
        />
      </div>
-     <a
-       class="
-       logo
-       formSuccess
-       
-       zendeskLogo 
-     "
-       href="https://www.zendesk.com/chat/live-chat-widget/?utm_source=webwidgetchat&utm_medium=poweredbyzendeskchat&utm_campaign=poweredbyzendesk&utm_term=id-1012&utm_content=testingHost&iref=id-1012&lang="
-       tabindex="-1"
-       target="_blank"
-     >
-       <span
-         class="container icon Icon--zendesk"
-         data-testid="Icon--zendesk"
-         type="Icon--zendesk"
-       >
-         <svg
-           aria-hidden="true"
-           realfilename="widget-icon_zendesk.svg"
-         />
-       </span>
-       <span
-         class="hidden"
-       >
-         zendesk
-       </span>
-     </a>
    </div>
  </div>
`;

exports[`ChatHistoryScreen when mobile renders mobile classes 1`] = `
Snapshot Diff:
- First value
+ Second value

@@ -2,7 +2,6 @@
    <div>
      <div
-       class="container flexContainer desktop containerDesktop"
+       class="container flexContainer mobile"
        data-testid="scroll-container"
-       style="height: 550px;"
      >
        <div
@@ -37,10 +36,10 @@
        </div>
        <div
-         class="content footerMarginWithLogo headerMargin scrollContainerMessagesContentDesktop"
+         class="content footerMarginWithLogo headerMargin scrollContainerMessagesContent scrollContainerMobile contentMobile"
          data-testid="scroll-container-content"
        >
          <div>
            <div
-             class="chatLogContainer"
+             class="chatLogContainer chatLogContainerMobile"
            >
              <div
@@ -67,5 +66,5 @@
        formSuccess
        
-       zendeskLogo 
+       zendeskLogo zendeskLogoChatMobile
      "
        href="https://www.zendesk.com/chat/live-chat-widget/?utm_source=webwidgetchat&utm_medium=poweredbyzendeskchat&utm_campaign=poweredbyzendesk&utm_term=id-1012&utm_content=testingHost&iref=id-1012&lang="
`;

exports[`ChatHistoryScreen when not mobile renders ChatHistory 1`] = `undefined`;
