// Jest Snapshot v1, https://goo.gl/fbAQLP

exports[`renders the component 1`] = `
<div>
  <p
    class="sc-bdVaJa ktbwkF"
  >
    Average wait time: 1 minute
  </p>
</div>
`;
