// Jest Snapshot v1, https://goo.gl/fbAQLP

exports[`Widget matches snapshot 1`] = `
.c0 {
  display: -webkit-box;
  display: -webkit-flex;
  display: -ms-flexbox;
  display: flex;
  -webkit-flex-direction: column;
  -ms-flex-direction: column;
  flex-direction: column;
  box-sizing: border-box;
  color: #2f3941;
  height: 100%;
  width: 100%;
  max-width: 100vw;
  position: relative;
  overflow: hidden;
  background-color: #fff;
  box-shadow: 0 0 0.42857142857142855rem 0 rgba(0,0,0,0.2);
  border-radius: 0.5714285714285714rem;
}

<div>
  <div
    class="c0"
  >
    web widget content
  </div>
</div>
`;
