// Jest Snapshot v1, https://goo.gl/fbAQLP

exports[`includes all expected substates 1`] = `
Object {
  "agentAvailability": false,
  "averageWaitTime": Object {
    "enabled": false,
    "waitTime": "0",
  },
  "callback": Object {
    "error": Object {},
    "isSending": false,
    "phoneNumber": "",
    "success": false,
  },
  "embeddableConfig": Object {
    "averageWaitTimeSetting": null,
    "capability": "widget/talk/CALLBACK_ONLY",
    "connected": false,
    "deferredStatusOnline": false,
    "enabled": false,
    "nickname": "",
    "phoneNumber": "",
    "supportedCountries": Array [],
  },
  "formState": Object {
    "name": "",
    "phone": "",
  },
  "isPolling": true,
  "microphoneMuted": false,
  "recordingConsent": null,
  "vendor": Object {
    "io": null,
  },
}
`;
