// Jest Snapshot v1, https://goo.gl/fbAQLP

exports[`chat sdk has not connected renders the loading page 1`] = `
<div>
  <div
    class="sc-htpNat iybLJI"
  >
    <div
      class="sc-ifAKCX iEHOTz"
    >
      <div
        class="sc-bZQynM sc-gzVnrw bQuIzm"
      >
        <h1
          class="sc-EHOje cygdwO"
          data-testid="widget-title"
        />
        <button
          aria-label="Minimize"
          class="IconButton-x15t1e-0 sc-htoDjs index__c-btn--icon___1Yl4x hhbqQ Button__StyledButton-sc-12lsl5w-0 index__c-btn___3y2Qe index__c-btn--basic___38OO7 index__c-btn--muted___ze6U0 index__c-btn--sm___3Kuhv lcPfmb"
          data-garden-container-id="keyboardfocus"
          data-garden-container-version="0.2.6"
          data-garden-id="buttons.icon_button"
          data-garden-version="7.0.2"
          tabindex="0"
          type="button"
        >
          <svg
            class="index__c-btn__icon___3V0Rl"
            data-garden-id="buttons.icon"
            data-garden-version="7.0.2"
            data-testid="Icon--dash"
            realfilename="dash-fill.svg"
          />
        </button>
      </div>
    </div>
    <div
      class="sc-dnqmqq LbvIn"
      data-testid="scroll-container-content"
    >
      <div
        class="sc-kEYyzF epLron"
      >
        <div
          class="styled-elements__LoadingPlaceholder-sc-19dhio6-6 dWxKQn"
          font-size="4rem"
          role="progressbar"
        >
          Â 
        </div>
      </div>
    </div>
    <footer
      class="sc-iwsKbI ikJxeP"
    >
      <div
        class="sc-gZMcBi kZYhVs"
      >
        <a
          class="icon"
          data-testid="Icon--zendesk"
          href="https://www.zendesk.com/embeddables/?utm_source=webwidget&utm_medium=poweredbyzendesk&utm_campaign=image"
          tabindex="-1"
          target="_blank"
        >
          <svg
            realfilename="widget-icon_zendesk.svg"
            title="zendesk"
          />
        </a>
      </div>
    </footer>
  </div>
</div>
`;
