// Jest Snapshot v1, https://goo.gl/fbAQLP

exports[`renders the component 1`] = `
<div>
  <div
    class="error"
    data-testid="talk--errorNotification"
  >
    <svg
      class="errorIcon"
      realfilename="error.svg"
    />
    there was an error
  </div>
</div>
`;
