// Jest Snapshot v1, https://goo.gl/fbAQLP

exports[`renders the component 1`] = `
.c1 {
  color: #1f73b7;
  -webkit-text-decoration: underline;
  text-decoration: underline;
}

.c1:hover,
.c1:focus,
.c1:active {
  color: #1f73b7;
}

.c0 {
  margin-bottom: 20px;
}

<div>
  <div
    class="c0"
  >
    Our phone number 
    <a
      class="c1"
      data-testid="talk-phone-number"
      dir="ltr"
      href="tel:1234567890"
      target="_blank"
    >
      +1 2345 67890
    </a>
  </div>
</div>
`;
