// Jest Snapshot v1, https://goo.gl/fbAQLP

exports[`includes all expected substates 1`] = `
Object {
  "allFormsRequested": false,
  "attachmentLimitExceeded": false,
  "attachments": Array [],
  "config": Object {
    "maxFileCount": 5,
    "maxFileSize": 52428800,
  },
  "contactFormFields": Array [],
  "displayDropzone": false,
  "fieldDescriptionOverrides": Object {},
  "fields": Object {},
  "filteredFormsToDisplay": Array [],
  "formStates": Object {},
  "forms": Object {},
  "formsWithSuppressedSubject": Array [],
  "formsWithSuppressedTitle": Array [],
  "isFormLoading": Object {},
  "isTicketFieldsLoading": false,
  "readOnly": Object {},
  "ticketFormsRequest": Object {
    "fetchKey": null,
    "isLoading": false,
  },
  "ticketFormsSetViaAPI": false,
}
`;
