// Jest Snapshot v1, https://goo.gl/fbAQLP

exports[`includes all expected substates 1`] = `
Object {
  "activeFormName": "",
  "attachmentLimitExceeded": false,
  "attachments": Array [],
  "config": Object {
    "maxFileCount": 5,
    "maxFileSize": 5242880,
  },
  "contactFormFields": Array [],
  "fields": Object {},
  "formStates": Object {},
  "forms": Object {},
  "lastFormPrefillId": Object {},
  "prefillId": 0,
  "prefillSpecificFormValues": Object {},
  "prefillValues": Object {},
  "readOnly": Object {
    "email": false,
    "name": false,
  },
}
`;
