// Jest Snapshot v1, https://goo.gl/fbAQLP

exports[`Main matches default snapshot 1`] = `
<div>
  <div
    class="container"
  >
    Hallo
  </div>
</div>
`;
