// Jest Snapshot v1, https://goo.gl/fbAQLP

exports[`renders the expected classes 1`] = `
.c1.c1.c1 {
  background-color: transparent !important;
  color: #1F73B7 !important;
  border-color: #1F73B7 !important;
  font-size: 1.0714285714285714rem !important;
  padding-right: 1.7142857142857142rem !important;
  padding-left: 1.7142857142857142rem !important;
  min-width: 0 !important;
  padding: 0.5714285714285714rem 1rem !important;
  border-radius: 1.1428571428571428rem !important;
  border-width: 0.07142857142857142rem !important;
  white-space: normal !important;
  line-height: 1.3 !important;
  height: auto !important;
}

.c1.c1.c1:not([disabled]):hover,
.c1.c1.c1:not([disabled]):active,
.c1.c1.c1:not([disabled]):focus {
  color: #FFFFFF !important;
  background-color: #1F73B7 !important;
  border-color: #1F73B7 !important;
}

.c0 {
  margin-bottom: 0.5rem;
}

<div>
  <div
    class="c0"
  >
    <div
      class="container buttonRight "
    >
      <button
        class="c1 index__c-btn___3y2Qe "
        data-garden-container-id="keyboardfocus"
        data-garden-container-version="0.2.6"
        data-garden-id="buttons.button"
        data-garden-version="7.0.2"
        data-testid="pill-button"
        tabindex="0"
        type="button"
      >
        Yes
      </button>
      <button
        class="c1 index__c-btn___3y2Qe "
        data-garden-container-id="keyboardfocus"
        data-garden-container-version="0.2.6"
        data-garden-id="buttons.button"
        data-garden-version="7.0.2"
        data-testid="pill-button"
        tabindex="0"
        type="button"
      >
        No, I need help
      </button>
    </div>
  </div>
</div>
`;
