// Jest Snapshot v1, https://goo.gl/fbAQLP

exports[`HeaderView renders 1`] = `
.c0 {
  padding: 0.5714285714285714rem 1rem;
  background: !important;
  color: !important;
}

<div
  class="c0"
>
  <div>
    Some child component
  </div>
</div>
`;
