// Jest Snapshot v1, https://goo.gl/fbAQLP

exports[`renders expected classes and components with default props for non-visitor messages 1`] = `
Snapshot Diff:
- First value
+ Second value

  <div>
    <div>
      <div
        class="sc-iSDuPN fmMmzJ"
+     >
+       <div
+         class="sc-fQejPQ jISmAv"
+         data-testid="slide-appear-container"
+         role="presentation"
+         style="opacity: 1; bottom: 0px;"
+       >
+         <div
+           class="sc-fZwumE vxoen"
+         >
+           <div>
+             <div
+               class="sc-bmyXtO cDwIOd"
+               data-testid="answer-bot-selection-message"
+             >
+               <div
+                 class="sc-dEoRIm jERAGW"
+               >
+                 <div
+                   class="sc-LKuAh bsqpLN"
+                   role="button"
+                   tabindex="0"
+                 >
+                   <div
+                     class="sc-ebFjAB gyFhcq"
+                   >
+                     <svg
+                       class="sc-iBEsjs eynotg"
+                       realfilename="article.svg"
+                     />
+                     <div
+                       class="sc-kaNhvL hiZgv"
+                       data-testid="hc-article-title"
+                     >
+                       contextual search results
+                     </div>
+                   </div>
+                   <div
+                     class="sc-jKVCRD fnoUcT"
+                   >
+                     <div>
+                       body of contextual search results
+                     </div>
+                   </div>
+                 </div>
+               </div>
+             </div>
+           </div>
+         </div>
+       </div>
+       <div
+         class="sc-fQejPQ jISmAv"
+         data-testid="slide-appear-container"
+         role="presentation"
+         style="opacity: 1; bottom: 0px;"
+       >
+         <div
+           class="sc-fZwumE vxoen"
+         >
+           <div>
+             <div
+               class="sc-ipZHIp buxgJc"
+             >
+               <div
+                 data-testid="chat-msg-answer-bot"
+               >
+                 <div
+                   class="messageBubble sc-iGrrsa dJUkNm"
+                 >
+                   <span
+                     class="Linkify"
+                   >
+                     Here is an article that may help:
+                   </span>
+                 </div>
+               </div>
+             </div>
+             <div
+               class="sc-bmyXtO cDwIOd"
+               data-testid="answer-bot-selection-message"
+             >
+               <div
+                 class="sc-dEoRIm jERAGW"
+               >
+                 <div
+                   class="sc-LKuAh bsqpLN"
+                   role="button"
+                   tabindex="0"
+                 >
+                   <div
+                     class="sc-ebFjAB gyFhcq"
+                   >
+                     <svg
+                       class="sc-iBEsjs eynotg"
+                       realfilename="article.svg"
+                     />
+                     <div
+                       class="sc-kaNhvL hiZgv"
+                       data-testid="hc-article-title"
+                     >
+                       title 123
+                     </div>
+                   </div>
+                   <div
+                     class="sc-jKVCRD fnoUcT"
+                   >
+                     <div>
+                       to be filled later 123
+                     </div>
+                   </div>
+                 </div>
+               </div>
+             </div>
+           </div>
+         </div>
+       </div>
+       <div
+         class="sc-fQejPQ jISmAv"
+         data-testid="slide-appear-container"
+         role="presentation"
+         style="opacity: 1; bottom: 0px;"
+       >
+         <div
+           class="sc-fZwumE vxoen"
+         >
+           <div
+             class="sc-ipZHIp buxgJc"
+           >
+             <div
+               data-testid="chat-msg-answer-bot"
+             >
+               <div
+                 class="messageBubble sc-iGrrsa dJUkNm"
+               >
+                 <span
+                   class="Linkify"
+                 >
+                   hello
+                 </span>
+               </div>
+             </div>
+           </div>
+         </div>
+       </div>
+       <div
+         class="sc-fQejPQ jISmAv"
+         data-testid="slide-appear-container"
+         role="presentation"
+         style="opacity: 1; bottom: 0px;"
+       >
+         <div
+           class="sc-fZwumE vxoen"
          />
+       </div>
+       <div
+         class="sc-fQejPQ jISmAv"
+         data-testid="slide-appear-container"
+         role="presentation"
+         style="opacity: 1; bottom: 0px;"
+       >
+         <div
+           class="sc-fZwumE vxoen"
+         >
+           <div
+             class="sc-fcdeBU vVNVq"
+           >
+             <div
+               class="container buttonRight "
+             >
+               <button
+                 class="sc-cooIXK ldOQFQ Button__StyledButton-sc-12lsl5w-0 index__c-btn___3y2Qe lcPfmb"
+                 data-garden-container-id="containers.keyboardfocus"
+                 data-garden-container-version="0.4.4"
+                 data-garden-id="buttons.button"
+                 data-garden-version="7.1.10"
+                 data-testid="pill-button"
+                 tabindex="0"
+                 type="button"
+               >
+                 Yes
+               </button>
+               <button
+                 class="sc-cooIXK ldOQFQ Button__StyledButton-sc-12lsl5w-0 index__c-btn___3y2Qe lcPfmb"
+                 data-garden-container-id="containers.keyboardfocus"
+                 data-garden-container-version="0.4.4"
+                 data-garden-id="buttons.button"
+                 data-garden-version="7.1.10"
+                 data-testid="pill-button"
+                 tabindex="0"
+                 type="button"
+               >
+                 No, I need help
+               </button>
+             </div>
+           </div>
+         </div>
+       </div>
+       <div
+         class="sc-fQejPQ jISmAv"
+         data-testid="slide-appear-container"
+         role="presentation"
+         style="opacity: 1; bottom: 0px;"
+       >
+         <div
+           class="sc-fZwumE vxoen"
+         >
+           <div
+             class="sc-fcdeBU vVNVq"
+           >
+             <div
+               class="container buttonRight "
+             >
+               <button
+                 class="sc-gmeYpB lmHmER sc-cooIXK ldOQFQ Button__StyledButton-sc-12lsl5w-0 index__c-btn___3y2Qe lcPfmb"
+                 data-garden-container-id="containers.keyboardfocus"
+                 data-garden-container-version="0.4.4"
+                 data-garden-id="buttons.button"
+                 data-garden-version="7.1.10"
+                 data-testid="pill-button"
+                 tabindex="0"
+                 type="button"
+               >
+                 It's related, but it didn't answer my question
+               </button>
+               <button
+                 class="sc-gmeYpB lmHmER sc-cooIXK ldOQFQ Button__StyledButton-sc-12lsl5w-0 index__c-btn___3y2Qe lcPfmb"
+                 data-garden-container-id="containers.keyboardfocus"
+                 data-garden-container-version="0.4.4"
+                 data-garden-id="buttons.button"
+                 data-garden-version="7.1.10"
+                 data-testid="pill-button"
+                 tabindex="0"
+                 type="button"
+               >
+                 It's not related to my question
+               </button>
+             </div>
+           </div>
+         </div>
+       </div>
+       <div
+         class="sc-fQejPQ jISmAv"
+         data-testid="slide-appear-container"
+         role="presentation"
+         style="opacity: 1; bottom: 0px;"
+       >
+         <div
+           class="sc-fZwumE vxoen"
+         >
+           <div
+             class="sc-kZmsYB fzMyuQ"
+             data-testid="answer-bot-typing-indicator"
+           >
+             <div
+               aria-busy="true"
+               aria-live="polite"
+               class="container sc-RcBXQ iafUuv"
+               data-testid="Icon--ellipsis"
+             >
+               <div
+                 class="
+       circle 
+       bounce
+       
+     "
+               />
+               <div
+                 class="
+       circle 
+       bounce
+       
+     "
+               />
+               <div
+                 class="
+       circle 
+       bounce
+       
+     "
+               />
+             </div>
+           </div>
+         </div>
+       </div>
+     </div>
    </div>
  </div>
`;
